<p><pre><![CDATA[*]]></pre>hello<pre><![CDATA[*]]></pre></p>