[Space.ExistingPage]
[Space.ExistingPage#anchor?param=value]
[label>Space.UnknownPage]
[label>http://xwiki.org]
[mailto:john@doe.com]
[{macro}]