<ol><li>Item 1<ol><li>Item 2<ul class="star"><li>Item 3</li></ul></li><li>Item 4</li></ul></li><li>Item 5</li></ul><ul class="star"><li>Item 1<ul class="star"><li>Item 2<ul class="star"><li>Item 3</li></ul></li><li>Item 4</li></ul></li><li>Item 5</li><li>Item 6</li></ul>