{macro:param1=value1|param2=value2}
content
{/macro}