<div><h1>Hello John</h1><table><tr><td><ul class="star"><li>item</li></ul></td></tr><tr><td><ul class="star"><li>item</li></ul></td></tr></table></div>