<p>hello <em class="italic">beautiful</em> <strong>world</strong></p>