beginSection: [1]
onWord: [Title]
onSpace
onWord: [level]
onSpace
onWord: [1]
endSection: [1]
