<h2 class="heading-1" id="HSectionlevel1"><span>Title level 1</span></h2>