<p>This is &lt;a href=&quot;url&quot;&gt;some HTML&lt;/a&gt;.</p>