beginParagraph
onWord: [hello]
onSpace
beginItalic
onWord: [beautiful]
endItalic
onSpace
beginBold
onWord: [world]
endBold
endParagraph
