beginDocument
beginParagraph
onEscape: [*]
onWord: [hello]
onEscape: [*]
endParagraph
endDocument
